MSBuild version 17.3.4+a400405ba for .NET
  Determinando los proyectos que se van a restaurar...
  Todos los proyectos están actualizados para la restauración.
  ServiceUninstall -> C:\Users\joshu\Documents\proyectos\sonarr-test\Sonarr\_output\net6.0\ServiceUninstall.dll
  ServiceInstall -> C:\Users\joshu\Documents\proyectos\sonarr-test\Sonarr\_output\net6.0\ServiceInstall.dll
  Sonarr.Common -> C:\Users\joshu\Documents\proyectos\sonarr-test\Sonarr\_output\net6.0\Sonarr.Common.dll
  Sonarr.Test.Dummy -> C:\Users\joshu\Documents\proyectos\sonarr-test\Sonarr\_tests\net6.0\Sonarr.Test.Dummy.dll
  Sonarr.RuntimePatches -> C:\Users\joshu\Documents\proyectos\sonarr-test\Sonarr\_output\net6.0\Sonarr.RuntimePatches.dll
  Sonarr.Core -> C:\Users\joshu\Documents\proyectos\sonarr-test\Sonarr\_output\net6.0\Sonarr.Core.dll
  Sonarr.Update -> C:\Users\joshu\Documents\proyectos\sonarr-test\Sonarr\_output\Sonarr.Update\net6.0\Sonarr.Update.dll
  Sonarr.Windows -> C:\Users\joshu\Documents\proyectos\sonarr-test\Sonarr\_output\net6.0\Sonarr.Windows.dll
  Sonarr.SignalR -> C:\Users\joshu\Documents\proyectos\sonarr-test\Sonarr\_output\net6.0\Sonarr.SignalR.dll
  Sonarr.Mono -> C:\Users\joshu\Documents\proyectos\sonarr-test\Sonarr\_output\net6.0\Sonarr.Mono.dll
  Sonarr.Test.Common -> C:\Users\joshu\Documents\proyectos\sonarr-test\Sonarr\_tests\net6.0\Sonarr.Test.Common.dll
  Sonarr.Http -> C:\Users\joshu\Documents\proyectos\sonarr-test\Sonarr\_output\net6.0\Sonarr.Http.dll
  Sonarr.Libraries.Test -> C:\Users\joshu\Documents\proyectos\sonarr-test\Sonarr\_tests\net6.0\Sonarr.Libraries.Test.dll
  Sonarr.Update.Test -> C:\Users\joshu\Documents\proyectos\sonarr-test\Sonarr\_tests\net6.0\Sonarr.Update.Test.dll
  Sonarr.Automation.Test -> C:\Users\joshu\Documents\proyectos\sonarr-test\Sonarr\_tests\net6.0\Sonarr.Automation.Test.dll
  Sonarr.Core.Test -> C:\Users\joshu\Documents\proyectos\sonarr-test\Sonarr\_tests\net6.0\Sonarr.Core.Test.dll
  Sonarr.Api.V3 -> C:\Users\joshu\Documents\proyectos\sonarr-test\Sonarr\_output\net6.0\Sonarr.Api.V3.dll
  Sonarr.Host -> C:\Users\joshu\Documents\proyectos\sonarr-test\Sonarr\_output\net6.0\Sonarr.Host.dll
  Sonarr.Api.Test -> C:\Users\joshu\Documents\proyectos\sonarr-test\Sonarr\_tests\net6.0\Sonarr.Api.Test.dll
  Sonarr.Integration.Test -> C:\Users\joshu\Documents\proyectos\sonarr-test\Sonarr\_tests\net6.0\Sonarr.Integration.Test.dll
  Sonarr.Host.Test -> C:\Users\joshu\Documents\proyectos\sonarr-test\Sonarr\_tests\net6.0\Sonarr.Host.Test.dll
  Sonarr.Console -> C:\Users\joshu\Documents\proyectos\sonarr-test\Sonarr\_output\net6.0\Sonarr.Console.dll
  Sonarr.Common.Test -> C:\Users\joshu\Documents\proyectos\sonarr-test\Sonarr\_tests\net6.0\Sonarr.Common.Test.dll
  Sonarr.Windows.Test -> C:\Users\joshu\Documents\proyectos\sonarr-test\Sonarr\_tests\net6.0\Sonarr.Windows.Test.dll
  Sonarr.Mono.Test -> C:\Users\joshu\Documents\proyectos\sonarr-test\Sonarr\_tests\net6.0\Sonarr.Mono.Test.dll

Compilación correcta.
    0 Advertencia(s)
    0 Errores

Tiempo transcurrido 00:00:07.07
